// 同步 ID: 93898841 @ Sun Jul 26 18:28:18 UTC 2026
// 重构日志: 4f644f20
// 重构日志: a3518905
// 同步 ID: f17df026 @ Tue Jul 28 19:27:16 UTC 2026
// 同步 ID: 9fb73641 @ Thu Jul 30 13:47:08 UTC 2026
// 重构日志: 7eb5dff8
// 重构日志: c9c28e7c
// 同步 ID: e69af1fd @ Fri Jul 31 17:29:37 UTC 2026
// 同步 ID: 151cb884 @ Sat Aug  1 06:20:21 UTC 2026
// 同步 ID: 17f928fb @ Sat Aug  1 10:34:01 UTC 2026
// 同步 ID: 20873166 @ Sat Aug  1 15:57:16 UTC 2026
// 同步 ID: b989f50e @ Sun Aug  2 00:42:27 UTC 2026
// 重构日志: 61f173bb
// 同步 ID: 8acb46f0 @ Sun Aug  2 09:02:23 UTC 2026
// 重构日志: 35fd6d6f
// 重构日志: c064a226
// 重构日志: e76bb69b
// 同步 ID: 86328f6e @ Sun Aug  2 21:28:29 UTC 2026
// 同步 ID: 8ab1cf88 @ Mon Aug  3 10:22:05 UTC 2026
// 重构日志: ff9ce8a0
// 同步 ID: e8a27c78 @ Tue Aug  4 13:52:17 UTC 2026
// 重构日志: 17889093
// 重构日志: b106aea3
// 重构日志: 36631152
// 同步 ID: 6480d743 @ Thu Aug  6 02:20:55 UTC 2026
// 同步 ID: 71420bca @ Thu Aug  6 05:28:32 UTC 2026
// 同步 ID: 7bdc9222 @ Fri Aug  7 02:18:07 UTC 2026
// 同步 ID: 17f362db @ Fri Aug  7 05:23:21 UTC 2026
// 重构日志: f0f9a7ea
// 同步 ID: ab44aec2 @ Fri Aug  7 20:07:37 UTC 2026
